Component: ARM Compiler 5.06 update 7 (build 960) Tool: armlink [4d3601]

==============================================================================

Section Cross References

    mygpio.o(i.MyGPIO_Toggle) refers to mygpio.o(i.MyGPIO_Read) for MyGPIO_Read
    mygpio.o(i.MyGPIO_Toggle) refers to mygpio.o(i.MyGPIO_Set) for MyGPIO_Set
    mygpio.o(i.MyGPIO_Toggle) refers to mygpio.o(i.MyGPIO_Reset) for MyGPIO_Reset
    mytimer.o(i.MyTimer_Active_IT) refers to mytimer.o(.data) for Timer1_Interrupt
    mytimer.o(i.TIM1_UP_IRQHandler) refers to mytimer.o(.data) for Timer1_Interrupt
    mytimer.o(i.TIM2_IRQHandler) refers to mytimer.o(.data) for Timer2_Interrupt
    mytimer.o(i.TIM3_IRQHandler) refers to mytimer.o(.data) for Timer3_Interrupt
    mytimer.o(i.TIM4_IRQHandler) refers to mytimer.o(.data) for Timer4_Interrupt
    myadc.o(i.MyADC_Active_IT) refers to myadc.o(.data) for ADC1_Interrupt
    orientationvent.o(i.orientation) refers to mytimer.o(i.MyTimer_Base_Init) for MyTimer_Base_Init
    orientationvent.o(i.orientation) refers to mytimer.o(i.MyTimer_Base_Start) for MyTimer_Base_Start
    bordage.o(i.main) refers to mytimer.o(i.MyTimer_Base_Init) for MyTimer_Base_Init
    bordage.o(i.main) refers to mytimer.o(i.MyTimer_Base_Start) for MyTimer_Base_Start
    bordage.o(i.main) refers to orientationvent.o(i.orientation) for orientation
    bordage.o(i.main) refers to mytimer.o(i.MyTimer_PWM) for MyTimer_PWM
    bordage.o(i.main) refers to mygpio.o(i.MyGPIO_Init) for MyGPIO_Init
    bordage.o(i.main) refers to dflti.o(.text) for __aeabi_i2d
    bordage.o(i.main) refers to dmul.o(.text) for __aeabi_dmul
    bordage.o(i.main) refers to dadd.o(.text) for __aeabi_dadd
    bordage.o(i.main) refers to dfixi.o(.text) for __aeabi_d2iz
    bordage.o(i.main) refers to mytimer.o(i.Set_Cycle) for Set_Cycle
    bordage.o(i.main) refers to bordage.o(.data) for alpha
    nivbatterie.o(i.CallBack) refers to myadc.o(i.ConvertChannel) for ConvertChannel
    nivbatterie.o(i.CallBack) refers to nivbatterie.o(.data) for res
    nivbatterie.o(i.niveau) refers to myadc.o(i.MyADC_Init) for MyADC_Init
    nivbatterie.o(i.niveau) refers to myadc.o(i.MyADC_Active_IT) for MyADC_Active_IT
    nivbatterie.o(i.niveau) refers to nivbatterie.o(i.CallBack) for CallBack
    startup_stm32f10x_md.o(RESET) refers to startup_stm32f10x_md.o(STACK) for __initial_sp
    startup_stm32f10x_md.o(RESET) refers to startup_stm32f10x_md.o(.text) for Reset_Handler
    startup_stm32f10x_md.o(RESET) refers to myadc.o(i.ADC1_2_IRQHandler) for ADC1_2_IRQHandler
    startup_stm32f10x_md.o(RESET) refers to mytimer.o(i.TIM1_UP_IRQHandler) for TIM1_UP_IRQHandler
    startup_stm32f10x_md.o(RESET) refers to mytimer.o(i.TIM2_IRQHandler) for TIM2_IRQHandler
    startup_stm32f10x_md.o(RESET) refers to mytimer.o(i.TIM3_IRQHandler) for TIM3_IRQHandler
    startup_stm32f10x_md.o(RESET) refers to mytimer.o(i.TIM4_IRQHandler) for TIM4_IRQHandler
    startup_stm32f10x_md.o(.text) refers to system_stm32f10x.o(i.SystemInit) for SystemInit
    startup_stm32f10x_md.o(.text) refers to entry.o(.ARM.Collect$$$$00000000) for __main
    system_stm32f10x.o(i.SetSysClock) refers to system_stm32f10x.o(i.SetSysClockTo72) for SetSysClockTo72
    system_stm32f10x.o(i.SystemCoreClockUpdate) refers to system_stm32f10x.o(.data) for SystemCoreClock
    system_stm32f10x.o(i.SystemInit) refers to system_stm32f10x.o(i.SetSysClock) for SetSysClock
    entry.o(.ARM.Collect$$$$00000000) refers (Special) to entry10a.o(.ARM.Collect$$$$0000000F) for __rt_final_cpp
    entry.o(.ARM.Collect$$$$00000000) refers (Special) to entry11a.o(.ARM.Collect$$$$00000011) for __rt_final_exit
    entry.o(.ARM.Collect$$$$00000000) refers (Special) to entry12b.o(.ARM.Collect$$$$0000000E) for __rt_lib_shutdown_fini
    entry.o(.ARM.Collect$$$$00000000) refers (Special) to entry7b.o(.ARM.Collect$$$$00000008) for _main_clock
    entry.o(.ARM.Collect$$$$00000000) refers (Special) to entry8b.o(.ARM.Collect$$$$0000000A) for _main_cpp_init
    entry.o(.ARM.Collect$$$$00000000) refers (Special) to entry9a.o(.ARM.Collect$$$$0000000B) for _main_init
    entry.o(.ARM.Collect$$$$00000000) refers (Special) to entry5.o(.ARM.Collect$$$$00000004) for _main_scatterload
    entry.o(.ARM.Collect$$$$00000000) refers (Special) to entry2.o(.ARM.Collect$$$$00000001) for _main_stk
    dadd.o(.text) refers (Special) to iusefp.o(.text) for __I$use$fp
    dadd.o(.text) refers to llshl.o(.text) for __aeabi_llsl
    dadd.o(.text) refers to llsshr.o(.text) for __aeabi_lasr
    dadd.o(.text) refers to depilogue.o(.text) for _double_epilogue
    dmul.o(.text) refers (Special) to iusefp.o(.text) for __I$use$fp
    dmul.o(.text) refers to depilogue.o(.text) for _double_epilogue
    dflti.o(.text) refers (Special) to iusefp.o(.text) for __I$use$fp
    dflti.o(.text) refers to depilogue.o(.text) for _double_epilogue
    dfixi.o(.text) refers (Special) to iusefp.o(.text) for __I$use$fp
    dfixi.o(.text) refers to llushr.o(.text) for __aeabi_llsr
    entry2.o(.ARM.Collect$$$$00000001) refers to entry2.o(.ARM.Collect$$$$00002712) for __lit__00000000
    entry2.o(.ARM.Collect$$$$00002712) refers to startup_stm32f10x_md.o(STACK) for __initial_sp
    entry2.o(__vectab_stack_and_reset_area) refers to startup_stm32f10x_md.o(STACK) for __initial_sp
    entry2.o(__vectab_stack_and_reset_area) refers to entry.o(.ARM.Collect$$$$00000000) for __main
    entry5.o(.ARM.Collect$$$$00000004) refers to init.o(.text) for __scatterload
    entry9a.o(.ARM.Collect$$$$0000000B) refers to bordage.o(i.main) for main
    entry9b.o(.ARM.Collect$$$$0000000C) refers to bordage.o(i.main) for main
    depilogue.o(.text) refers to llshl.o(.text) for __aeabi_llsl
    depilogue.o(.text) refers to llushr.o(.text) for __aeabi_llsr
    init.o(.text) refers to entry5.o(.ARM.Collect$$$$00000004) for __main_after_scatterload


==============================================================================

Removing Unused input sections from the image.

    Removing mygpio.o(.rev16_text), (4 bytes).
    Removing mygpio.o(.revsh_text), (4 bytes).
    Removing mygpio.o(.rrx_text), (6 bytes).
    Removing mygpio.o(i.MyGPIO_Read), (20 bytes).
    Removing mygpio.o(i.MyGPIO_Reset), (8 bytes).
    Removing mygpio.o(i.MyGPIO_Set), (8 bytes).
    Removing mygpio.o(i.MyGPIO_Toggle), (36 bytes).
    Removing mytimer.o(.rev16_text), (4 bytes).
    Removing mytimer.o(.revsh_text), (4 bytes).
    Removing mytimer.o(.rrx_text), (6 bytes).
    Removing mytimer.o(i.MyTimer_Active_IT), (196 bytes).
    Removing mytimer.o(i.MyTimer_Base_Stop), (10 bytes).
    Removing myadc.o(.rev16_text), (4 bytes).
    Removing myadc.o(.revsh_text), (4 bytes).
    Removing myadc.o(.rrx_text), (6 bytes).
    Removing myadc.o(i.ConvertChannel), (22 bytes).
    Removing myadc.o(i.MyADC_Active_IT), (52 bytes).
    Removing myadc.o(i.MyADC_Init), (68 bytes).
    Removing myadc.o(.data), (4 bytes).
    Removing orientationvent.o(.rev16_text), (4 bytes).
    Removing orientationvent.o(.revsh_text), (4 bytes).
    Removing orientationvent.o(.rrx_text), (6 bytes).
    Removing bordage.o(.rev16_text), (4 bytes).
    Removing bordage.o(.revsh_text), (4 bytes).
    Removing bordage.o(.rrx_text), (6 bytes).
    Removing nivbatterie.o(.rev16_text), (4 bytes).
    Removing nivbatterie.o(.revsh_text), (4 bytes).
    Removing nivbatterie.o(.rrx_text), (6 bytes).
    Removing nivbatterie.o(i.CallBack), (24 bytes).
    Removing nivbatterie.o(i.niveau), (32 bytes).
    Removing nivbatterie.o(.data), (4 bytes).
    Removing startup_stm32f10x_md.o(HEAP), (512 bytes).
    Removing system_stm32f10x.o(.rev16_text), (4 bytes).
    Removing system_stm32f10x.o(.revsh_text), (4 bytes).
    Removing system_stm32f10x.o(.rrx_text), (6 bytes).
    Removing system_stm32f10x.o(i.SystemCoreClockUpdate), (164 bytes).
    Removing system_stm32f10x.o(.data), (20 bytes).

37 unused section(s) (total 1278 bytes) removed from the image.

==============================================================================

Image Symbol Table

    Local Symbols

    Symbol Name                              Value     Ov Type        Size  Object(Section)

    ../clib/microlib/init/entry.s            0x00000000   Number         0  entry12b.o ABSOLUTE
    ../clib/microlib/init/entry.s            0x00000000   Number         0  entry12a.o ABSOLUTE
    ../clib/microlib/init/entry.s            0x00000000   Number         0  entry11b.o ABSOLUTE
    ../clib/microlib/init/entry.s            0x00000000   Number         0  entry11a.o ABSOLUTE
    ../clib/microlib/init/entry.s            0x00000000   Number         0  entry10b.o ABSOLUTE
    ../clib/microlib/init/entry.s            0x00000000   Number         0  entry10a.o ABSOLUTE
    ../clib/microlib/init/entry.s            0x00000000   Number         0  entry7b.o ABSOLUTE
    ../clib/microlib/init/entry.s            0x00000000   Number         0  entry9b.o ABSOLUTE
    ../clib/microlib/init/entry.s            0x00000000   Number         0  entry9a.o ABSOLUTE
    ../clib/microlib/init/entry.s            0x00000000   Number         0  entry8b.o ABSOLUTE
    ../clib/microlib/init/entry.s            0x00000000   Number         0  entry.o ABSOLUTE
    ../clib/microlib/init/entry.s            0x00000000   Number         0  entry8a.o ABSOLUTE
    ../clib/microlib/init/entry.s            0x00000000   Number         0  entry7a.o ABSOLUTE
    ../clib/microlib/init/entry.s            0x00000000   Number         0  entry5.o ABSOLUTE
    ../clib/microlib/init/entry.s            0x00000000   Number         0  entry2.o ABSOLUTE
    ../clib/microlib/longlong.c              0x00000000   Number         0  llushr.o ABSOLUTE
    ../clib/microlib/longlong.c              0x00000000   Number         0  llshl.o ABSOLUTE
    ../clib/microlib/longlong.c              0x00000000   Number         0  llsshr.o ABSOLUTE
    ../clib/microlib/stubs.s                 0x00000000   Number         0  iusefp.o ABSOLUTE
    ../fplib/microlib/fpadd.c                0x00000000   Number         0  dadd.o ABSOLUTE
    ../fplib/microlib/fpepilogue.c           0x00000000   Number         0  depilogue.o ABSOLUTE
    ../fplib/microlib/fpfix.c                0x00000000   Number         0  dfixi.o ABSOLUTE
    ../fplib/microlib/fpflt.c                0x00000000   Number         0  dflti.o ABSOLUTE
    ../fplib/microlib/fpmul.c                0x00000000   Number         0  dmul.o ABSOLUTE
    ..\MesDrivers\Source\myGPIO.c            0x00000000   Number         0  mygpio.o ABSOLUTE
    ..\MesDrivers\Source\myTimer.c           0x00000000   Number         0  mytimer.o ABSOLUTE
    ..\MesDrivers\Source\nivBatterie.c       0x00000000   Number         0  nivbatterie.o ABSOLUTE
    ..\\MesDrivers\\Source\\myGPIO.c         0x00000000   Number         0  mygpio.o ABSOLUTE
    ..\\MesDrivers\\Source\\myTimer.c        0x00000000   Number         0  mytimer.o ABSOLUTE
    ..\\MesDrivers\\Source\\nivBatterie.c    0x00000000   Number         0  nivbatterie.o ABSOLUTE
    RTE\Device\STM32F103RB\startup_stm32f10x_md.s 0x00000000   Number         0  startup_stm32f10x_md.o ABSOLUTE
    RTE\Device\STM32F103RB\system_stm32f10x.c 0x00000000   Number         0  system_stm32f10x.o ABSOLUTE
    RTE\\Device\\STM32F103RB\\system_stm32f10x.c 0x00000000   Number         0  system_stm32f10x.o ABSOLUTE
    Source\Bordage.c                         0x00000000   Number         0  bordage.o ABSOLUTE
    Source\OrientationVent.c                 0x00000000   Number         0  orientationvent.o ABSOLUTE
    Source\\Bordage.c                        0x00000000   Number         0  bordage.o ABSOLUTE
    Source\\OrientationVent.c                0x00000000   Number         0  orientationvent.o ABSOLUTE
    dc.s                                     0x00000000   Number         0  dc.o ABSOLUTE
    handlers.s                               0x00000000   Number         0  handlers.o ABSOLUTE
    init.s                                   0x00000000   Number         0  init.o ABSOLUTE
    myADC.c                                  0x00000000   Number         0  myadc.o ABSOLUTE
    myADC.c                                  0x00000000   Number         0  myadc.o ABSOLUTE
    RESET                                    0x08000000   Section      236  startup_stm32f10x_md.o(RESET)
    .ARM.Collect$$$$00000000                 0x080000ec   Section        0  entry.o(.ARM.Collect$$$$00000000)
    .ARM.Collect$$$$00000001                 0x080000ec   Section        4  entry2.o(.ARM.Collect$$$$00000001)
    .ARM.Collect$$$$00000004                 0x080000f0   Section        4  entry5.o(.ARM.Collect$$$$00000004)
    .ARM.Collect$$$$00000008                 0x080000f4   Section        0  entry7b.o(.ARM.Collect$$$$00000008)
    .ARM.Collect$$$$0000000A                 0x080000f4   Section        0  entry8b.o(.ARM.Collect$$$$0000000A)
    .ARM.Collect$$$$0000000B                 0x080000f4   Section        8  entry9a.o(.ARM.Collect$$$$0000000B)
    .ARM.Collect$$$$0000000E                 0x080000fc   Section        4  entry12b.o(.ARM.Collect$$$$0000000E)
    .ARM.Collect$$$$0000000F                 0x08000100   Section        0  entry10a.o(.ARM.Collect$$$$0000000F)
    .ARM.Collect$$$$00000011                 0x08000100   Section        0  entry11a.o(.ARM.Collect$$$$00000011)
    .ARM.Collect$$$$00002712                 0x08000100   Section        4  entry2.o(.ARM.Collect$$$$00002712)
    __lit__00000000                          0x08000100   Data           4  entry2.o(.ARM.Collect$$$$00002712)
    .text                                    0x08000104   Section       36  startup_stm32f10x_md.o(.text)
    .text                                    0x08000128   Section        0  dadd.o(.text)
    .text                                    0x08000276   Section        0  dmul.o(.text)
    .text                                    0x0800035a   Section        0  dflti.o(.text)
    .text                                    0x0800037c   Section        0  dfixi.o(.text)
    .text                                    0x080003ba   Section        0  llshl.o(.text)
    .text                                    0x080003d8   Section        0  llushr.o(.text)
    .text                                    0x080003f8   Section        0  llsshr.o(.text)
    .text                                    0x0800041c   Section        0  iusefp.o(.text)
    .text                                    0x0800041c   Section        0  depilogue.o(.text)
    .text                                    0x080004d8   Section       36  init.o(.text)
    i.ADC1_2_IRQHandler                      0x080004fc   Section        0  myadc.o(i.ADC1_2_IRQHandler)
    i.MyGPIO_Init                            0x08000510   Section        0  mygpio.o(i.MyGPIO_Init)
    i.MyTimer_Base_Init                      0x080005e0   Section        0  mytimer.o(i.MyTimer_Base_Init)
    i.MyTimer_Base_Start                     0x08000648   Section        0  mytimer.o(i.MyTimer_Base_Start)
    i.MyTimer_PWM                            0x08000652   Section        0  mytimer.o(i.MyTimer_PWM)
    i.SetSysClock                            0x080006ac   Section        0  system_stm32f10x.o(i.SetSysClock)
    SetSysClock                              0x080006ad   Thumb Code     8  system_stm32f10x.o(i.SetSysClock)
    i.SetSysClockTo72                        0x080006b4   Section        0  system_stm32f10x.o(i.SetSysClockTo72)
    SetSysClockTo72                          0x080006b5   Thumb Code   214  system_stm32f10x.o(i.SetSysClockTo72)
    i.Set_Cycle                              0x08000794   Section        0  mytimer.o(i.Set_Cycle)
    i.SystemInit                             0x080007cc   Section        0  system_stm32f10x.o(i.SystemInit)
    i.TIM1_UP_IRQHandler                     0x0800082c   Section        0  mytimer.o(i.TIM1_UP_IRQHandler)
    i.TIM2_IRQHandler                        0x08000850   Section        0  mytimer.o(i.TIM2_IRQHandler)
    i.TIM3_IRQHandler                        0x08000874   Section        0  mytimer.o(i.TIM3_IRQHandler)
    i.TIM4_IRQHandler                        0x08000898   Section        0  mytimer.o(i.TIM4_IRQHandler)
    i.__scatterload_copy                     0x080008bc   Section       14  handlers.o(i.__scatterload_copy)
    i.__scatterload_null                     0x080008ca   Section        2  handlers.o(i.__scatterload_null)
    i.__scatterload_zeroinit                 0x080008cc   Section       14  handlers.o(i.__scatterload_zeroinit)
    i.main                                   0x080008dc   Section        0  bordage.o(i.main)
    i.orientation                            0x080009c0   Section        0  orientationvent.o(i.orientation)
    .data                                    0x20000000   Section       16  mytimer.o(.data)
    .data                                    0x20000010   Section       12  bordage.o(.data)
    STACK                                    0x20000020   Section     1024  startup_stm32f10x_md.o(STACK)

    Global Symbols

    Symbol Name                              Value     Ov Type        Size  Object(Section)

    BuildAttributes$$THM_ISAv4$P$D$K$B$S$PE$A:L22UL41UL21$X:L11$S22US41US21$IEEE1$IW$USESV6$~STKCKD$USESV7$~SHL$OSPACE$ROPI$EBA8$MICROLIB$REQ8$PRES8$EABIv2 0x00000000   Number         0  anon$$obj.o ABSOLUTE
    __ARM_use_no_argv                        0x00000000   Number         0  bordage.o ABSOLUTE
    __arm_fini_                               - Undefined Weak Reference
    __cpp_initialize__aeabi_                  - Undefined Weak Reference
    __cxa_finalize                            - Undefined Weak Reference
    __decompress                              - Undefined Weak Reference
    _clock_init                               - Undefined Weak Reference
    _microlib_exit                            - Undefined Weak Reference
    __Vectors_Size                           0x000000ec   Number         0  startup_stm32f10x_md.o ABSOLUTE
    __Vectors                                0x08000000   Data           4  startup_stm32f10x_md.o(RESET)
    __Vectors_End                            0x080000ec   Data           0  startup_stm32f10x_md.o(RESET)
    __main                                   0x080000ed   Thumb Code     0  entry.o(.ARM.Collect$$$$00000000)
    _main_stk                                0x080000ed   Thumb Code     0  entry2.o(.ARM.Collect$$$$00000001)
    _main_scatterload                        0x080000f1   Thumb Code     0  entry5.o(.ARM.Collect$$$$00000004)
    __main_after_scatterload                 0x080000f5   Thumb Code     0  entry5.o(.ARM.Collect$$$$00000004)
    _main_clock                              0x080000f5   Thumb Code     0  entry7b.o(.ARM.Collect$$$$00000008)
    _main_cpp_init                           0x080000f5   Thumb Code     0  entry8b.o(.ARM.Collect$$$$0000000A)
    _main_init                               0x080000f5   Thumb Code     0  entry9a.o(.ARM.Collect$$$$0000000B)
    __rt_lib_shutdown_fini                   0x080000fd   Thumb Code     0  entry12b.o(.ARM.Collect$$$$0000000E)
    __rt_final_cpp                           0x08000101   Thumb Code     0  entry10a.o(.ARM.Collect$$$$0000000F)
    __rt_final_exit                          0x08000101   Thumb Code     0  entry11a.o(.ARM.Collect$$$$00000011)
    Reset_Handler                            0x08000105   Thumb Code     8  startup_stm32f10x_md.o(.text)
    NMI_Handler                              0x0800010d   Thumb Code     2  startup_stm32f10x_md.o(.text)
    HardFault_Handler                        0x0800010f   Thumb Code     2  startup_stm32f10x_md.o(.text)
    MemManage_Handler                        0x08000111   Thumb Code     2  startup_stm32f10x_md.o(.text)
    BusFault_Handler                         0x08000113   Thumb Code     2  startup_stm32f10x_md.o(.text)
    UsageFault_Handler                       0x08000115   Thumb Code     2  startup_stm32f10x_md.o(.text)
    SVC_Handler                              0x08000117   Thumb Code     2  startup_stm32f10x_md.o(.text)
    DebugMon_Handler                         0x08000119   Thumb Code     2  startup_stm32f10x_md.o(.text)
    PendSV_Handler                           0x0800011b   Thumb Code     2  startup_stm32f10x_md.o(.text)
    SysTick_Handler                          0x0800011d   Thumb Code     2  startup_stm32f10x_md.o(.text)
    CAN1_RX1_IRQHandler                      0x0800011f   Thumb Code     0  startup_stm32f10x_md.o(.text)
    CAN1_SCE_IRQHandler                      0x0800011f   Thumb Code     0  startup_stm32f10x_md.o(.text)
    DMA1_Channel1_IRQHandler                 0x0800011f   Thumb Code     0  startup_stm32f10x_md.o(.text)
    DMA1_Channel2_IRQHandler                 0x0800011f   Thumb Code     0  startup_stm32f10x_md.o(.text)
    DMA1_Channel3_IRQHandler                 0x0800011f   Thumb Code     0  startup_stm32f10x_md.o(.text)
    DMA1_Channel4_IRQHandler                 0x0800011f   Thumb Code     0  startup_stm32f10x_md.o(.text)
    DMA1_Channel5_IRQHandler                 0x0800011f   Thumb Code     0  startup_stm32f10x_md.o(.text)
    DMA1_Channel6_IRQHandler                 0x0800011f   Thumb Code     0  startup_stm32f10x_md.o(.text)
    DMA1_Channel7_IRQHandler                 0x0800011f   Thumb Code     0  startup_stm32f10x_md.o(.text)
    EXTI0_IRQHandler                         0x0800011f   Thumb Code     0  startup_stm32f10x_md.o(.text)
    EXTI15_10_IRQHandler                     0x0800011f   Thumb Code     0  startup_stm32f10x_md.o(.text)
    EXTI1_IRQHandler                         0x0800011f   Thumb Code     0  startup_stm32f10x_md.o(.text)
    EXTI2_IRQHandler                         0x0800011f   Thumb Code     0  startup_stm32f10x_md.o(.text)
    EXTI3_IRQHandler                         0x0800011f   Thumb Code     0  startup_stm32f10x_md.o(.text)
    EXTI4_IRQHandler                         0x0800011f   Thumb Code     0  startup_stm32f10x_md.o(.text)
    EXTI9_5_IRQHandler                       0x0800011f   Thumb Code     0  startup_stm32f10x_md.o(.text)
    FLASH_IRQHandler                         0x0800011f   Thumb Code     0  startup_stm32f10x_md.o(.text)
    I2C1_ER_IRQHandler                       0x0800011f   Thumb Code     0  startup_stm32f10x_md.o(.text)
    I2C1_EV_IRQHandler                       0x0800011f   Thumb Code     0  startup_stm32f10x_md.o(.text)
    I2C2_ER_IRQHandler                       0x0800011f   Thumb Code     0  startup_stm32f10x_md.o(.text)
    I2C2_EV_IRQHandler                       0x0800011f   Thumb Code     0  startup_stm32f10x_md.o(.text)
    PVD_IRQHandler                           0x0800011f   Thumb Code     0  startup_stm32f10x_md.o(.text)
    RCC_IRQHandler                           0x0800011f   Thumb Code     0  startup_stm32f10x_md.o(.text)
    RTCAlarm_IRQHandler                      0x0800011f   Thumb Code     0  startup_stm32f10x_md.o(.text)
    RTC_IRQHandler                           0x0800011f   Thumb Code     0  startup_stm32f10x_md.o(.text)
    SPI1_IRQHandler                          0x0800011f   Thumb Code     0  startup_stm32f10x_md.o(.text)
    SPI2_IRQHandler                          0x0800011f   Thumb Code     0  startup_stm32f10x_md.o(.text)
    TAMPER_IRQHandler                        0x0800011f   Thumb Code     0  startup_stm32f10x_md.o(.text)
    TIM1_BRK_IRQHandler                      0x0800011f   Thumb Code     0  startup_stm32f10x_md.o(.text)
    TIM1_CC_IRQHandler                       0x0800011f   Thumb Code     0  startup_stm32f10x_md.o(.text)
    TIM1_TRG_COM_IRQHandler                  0x0800011f   Thumb Code     0  startup_stm32f10x_md.o(.text)
    USART1_IRQHandler                        0x0800011f   Thumb Code     0  startup_stm32f10x_md.o(.text)
    USART2_IRQHandler                        0x0800011f   Thumb Code     0  startup_stm32f10x_md.o(.text)
    USART3_IRQHandler                        0x0800011f   Thumb Code     0  startup_stm32f10x_md.o(.text)
    USBWakeUp_IRQHandler                     0x0800011f   Thumb Code     0  startup_stm32f10x_md.o(.text)
    USB_HP_CAN1_TX_IRQHandler                0x0800011f   Thumb Code     0  startup_stm32f10x_md.o(.text)
    USB_LP_CAN1_RX0_IRQHandler               0x0800011f   Thumb Code     0  startup_stm32f10x_md.o(.text)
    WWDG_IRQHandler                          0x0800011f   Thumb Code     0  startup_stm32f10x_md.o(.text)
    __aeabi_dadd                             0x08000129   Thumb Code   322  dadd.o(.text)
    __aeabi_dsub                             0x0800026b   Thumb Code     6  dadd.o(.text)
    __aeabi_drsub                            0x08000271   Thumb Code     6  dadd.o(.text)
    __aeabi_dmul                             0x08000277   Thumb Code   228  dmul.o(.text)
    __aeabi_i2d                              0x0800035b   Thumb Code    34  dflti.o(.text)
    __aeabi_d2iz                             0x0800037d   Thumb Code    62  dfixi.o(.text)
    __aeabi_llsl                             0x080003bb   Thumb Code    30  llshl.o(.text)
    _ll_shift_l                              0x080003bb   Thumb Code     0  llshl.o(.text)
    __aeabi_llsr                             0x080003d9   Thumb Code    32  llushr.o(.text)
    _ll_ushift_r                             0x080003d9   Thumb Code     0  llushr.o(.text)
    __aeabi_lasr                             0x080003f9   Thumb Code    36  llsshr.o(.text)
    _ll_sshift_r                             0x080003f9   Thumb Code     0  llsshr.o(.text)
    __I$use$fp                               0x0800041d   Thumb Code     0  iusefp.o(.text)
    _double_round                            0x0800041d   Thumb Code    30  depilogue.o(.text)
    _double_epilogue                         0x0800043b   Thumb Code   156  depilogue.o(.text)
    __scatterload                            0x080004d9   Thumb Code    28  init.o(.text)
    __scatterload_rt2                        0x080004d9   Thumb Code     0  init.o(.text)
    ADC1_2_IRQHandler                        0x080004fd   Thumb Code    14  myadc.o(i.ADC1_2_IRQHandler)
    MyGPIO_Init                              0x08000511   Thumb Code   186  mygpio.o(i.MyGPIO_Init)
    MyTimer_Base_Init                        0x080005e1   Thumb Code    86  mytimer.o(i.MyTimer_Base_Init)
    MyTimer_Base_Start                       0x08000649   Thumb Code    10  mytimer.o(i.MyTimer_Base_Start)
    MyTimer_PWM                              0x08000653   Thumb Code    90  mytimer.o(i.MyTimer_PWM)
    Set_Cycle                                0x08000795   Thumb Code    56  mytimer.o(i.Set_Cycle)
    SystemInit                               0x080007cd   Thumb Code    78  system_stm32f10x.o(i.SystemInit)
    TIM1_UP_IRQHandler                       0x0800082d   Thumb Code    28  mytimer.o(i.TIM1_UP_IRQHandler)
    TIM2_IRQHandler                          0x08000851   Thumb Code    32  mytimer.o(i.TIM2_IRQHandler)
    TIM3_IRQHandler                          0x08000875   Thumb Code    28  mytimer.o(i.TIM3_IRQHandler)
    TIM4_IRQHandler                          0x08000899   Thumb Code    28  mytimer.o(i.TIM4_IRQHandler)
    __scatterload_copy                       0x080008bd   Thumb Code    14  handlers.o(i.__scatterload_copy)
    __scatterload_null                       0x080008cb   Thumb Code     2  handlers.o(i.__scatterload_null)
    __scatterload_zeroinit                   0x080008cd   Thumb Code    14  handlers.o(i.__scatterload_zeroinit)
    main                                     0x080008dd   Thumb Code   182  bordage.o(i.main)
    orientation                              0x080009c1   Thumb Code    84  orientationvent.o(i.orientation)
    Region$$Table$$Base                      0x08000a18   Number         0  anon$$obj.o(Region$$Table)
    Region$$Table$$Limit                     0x08000a38   Number         0  anon$$obj.o(Region$$Table)
    Timer1_Interrupt                         0x20000000   Data           4  mytimer.o(.data)
    Timer2_Interrupt                         0x20000004   Data           4  mytimer.o(.data)
    Timer3_Interrupt                         0x20000008   Data           4  mytimer.o(.data)
    Timer4_Interrupt                         0x2000000c   Data           4  mytimer.o(.data)
    alpha                                    0x20000010   Data           4  bordage.o(.data)
    alpha1                                   0x20000014   Data           4  bordage.o(.data)
    angle_voiles                             0x20000018   Data           4  bordage.o(.data)
    __initial_sp                             0x20000420   Data           0  startup_stm32f10x_md.o(STACK)



==============================================================================

Memory Map of the image

  Image Entry point : 0x080000ed

  Load Region LR_IROM1 (Base: 0x08000000, Size: 0x00000a54, Max: 0x00020000, ABSOLUTE)

    Execution Region ER_IROM1 (Exec base: 0x08000000, Load base: 0x08000000, Size: 0x00000a38, Max: 0x00020000, ABSOLUTE)

    Exec Addr    Load Addr    Size         Type   Attr      Idx    E Section Name        Object

    0x08000000   0x08000000   0x000000ec   Data   RO          308    RESET               startup_stm32f10x_md.o
    0x080000ec   0x080000ec   0x00000000   Code   RO          359  * .ARM.Collect$$$$00000000  mc_w.l(entry.o)
    0x080000ec   0x080000ec   0x00000004   Code   RO          370    .ARM.Collect$$$$00000001  mc_w.l(entry2.o)
    0x080000f0   0x080000f0   0x00000004   Code   RO          373    .ARM.Collect$$$$00000004  mc_w.l(entry5.o)
    0x080000f4   0x080000f4   0x00000000   Code   RO          375    .ARM.Collect$$$$00000008  mc_w.l(entry7b.o)
    0x080000f4   0x080000f4   0x00000000   Code   RO          377    .ARM.Collect$$$$0000000A  mc_w.l(entry8b.o)
    0x080000f4   0x080000f4   0x00000008   Code   RO          378    .ARM.Collect$$$$0000000B  mc_w.l(entry9a.o)
    0x080000fc   0x080000fc   0x00000004   Code   RO          385    .ARM.Collect$$$$0000000E  mc_w.l(entry12b.o)
    0x08000100   0x08000100   0x00000000   Code   RO          380    .ARM.Collect$$$$0000000F  mc_w.l(entry10a.o)
    0x08000100   0x08000100   0x00000000   Code   RO          382    .ARM.Collect$$$$00000011  mc_w.l(entry11a.o)
    0x08000100   0x08000100   0x00000004   Code   RO          371    .ARM.Collect$$$$00002712  mc_w.l(entry2.o)
    0x08000104   0x08000104   0x00000024   Code   RO          309    .text               startup_stm32f10x_md.o
    0x08000128   0x08000128   0x0000014e   Code   RO          362    .text               mf_w.l(dadd.o)
    0x08000276   0x08000276   0x000000e4   Code   RO          364    .text               mf_w.l(dmul.o)
    0x0800035a   0x0800035a   0x00000022   Code   RO          366    .text               mf_w.l(dflti.o)
    0x0800037c   0x0800037c   0x0000003e   Code   RO          368    .text               mf_w.l(dfixi.o)
    0x080003ba   0x080003ba   0x0000001e   Code   RO          386    .text               mc_w.l(llshl.o)
    0x080003d8   0x080003d8   0x00000020   Code   RO          388    .text               mc_w.l(llushr.o)
    0x080003f8   0x080003f8   0x00000024   Code   RO          390    .text               mc_w.l(llsshr.o)
    0x0800041c   0x0800041c   0x00000000   Code   RO          392    .text               mc_w.l(iusefp.o)
    0x0800041c   0x0800041c   0x000000ba   Code   RO          393    .text               mf_w.l(depilogue.o)
    0x080004d6   0x080004d6   0x00000002   PAD
    0x080004d8   0x080004d8   0x00000024   Code   RO          395    .text               mc_w.l(init.o)
    0x080004fc   0x080004fc   0x00000014   Code   RO          165    i.ADC1_2_IRQHandler  myadc.o
    0x08000510   0x08000510   0x000000d0   Code   RO            4    i.MyGPIO_Init       mygpio.o
    0x080005e0   0x080005e0   0x00000068   Code   RO           85    i.MyTimer_Base_Init  mytimer.o
    0x08000648   0x08000648   0x0000000a   Code   RO           86    i.MyTimer_Base_Start  mytimer.o
    0x08000652   0x08000652   0x0000005a   Code   RO           88    i.MyTimer_PWM       mytimer.o
    0x080006ac   0x080006ac   0x00000008   Code   RO          316    i.SetSysClock       system_stm32f10x.o
    0x080006b4   0x080006b4   0x000000e0   Code   RO          317    i.SetSysClockTo72   system_stm32f10x.o
    0x08000794   0x08000794   0x00000038   Code   RO           89    i.Set_Cycle         mytimer.o
    0x080007cc   0x080007cc   0x00000060   Code   RO          319    i.SystemInit        system_stm32f10x.o
    0x0800082c   0x0800082c   0x00000024   Code   RO           90    i.TIM1_UP_IRQHandler  mytimer.o
    0x08000850   0x08000850   0x00000024   Code   RO           91    i.TIM2_IRQHandler   mytimer.o
    0x08000874   0x08000874   0x00000024   Code   RO           92    i.TIM3_IRQHandler   mytimer.o
    0x08000898   0x08000898   0x00000024   Code   RO           93    i.TIM4_IRQHandler   mytimer.o
    0x080008bc   0x080008bc   0x0000000e   Code   RO          399    i.__scatterload_copy  mc_w.l(handlers.o)
    0x080008ca   0x080008ca   0x00000002   Code   RO          400    i.__scatterload_null  mc_w.l(handlers.o)
    0x080008cc   0x080008cc   0x0000000e   Code   RO          401    i.__scatterload_zeroinit  mc_w.l(handlers.o)
    0x080008da   0x080008da   0x00000002   PAD
    0x080008dc   0x080008dc   0x000000e4   Code   RO          240    i.main              bordage.o
    0x080009c0   0x080009c0   0x00000058   Code   RO          213    i.orientation       orientationvent.o
    0x08000a18   0x08000a18   0x00000020   Data   RO          397    Region$$Table       anon$$obj.o


    Execution Region RW_IRAM1 (Exec base: 0x20000000, Load base: 0x08000a38, Size: 0x00000420, Max: 0x00005000, ABSOLUTE)

    Exec Addr    Load Addr    Size         Type   Attr      Idx    E Section Name        Object

    0x20000000   0x08000a38   0x00000010   Data   RW           94    .data               mytimer.o
    0x20000010   0x08000a48   0x0000000c   Data   RW          241    .data               bordage.o
    0x2000001c   0x08000a54   0x00000004   PAD
    0x20000020        -       0x00000400   Zero   RW          306    STACK               startup_stm32f10x_md.o


==============================================================================

Image component sizes


      Code (inc. data)   RO Data    RW Data    ZI Data      Debug   Object Name

       228         46          0         12          0        835   bordage.o
        20          6          0          0          0        384   myadc.o
       208         22          0          0          0     207450   mygpio.o
       404         46          0         16          0       5052   mytimer.o
        88          4          0          0          0        502   orientationvent.o
        36          8        236          0       1024        808   startup_stm32f10x_md.o
       328         28          0          0          0       1965   system_stm32f10x.o

    ----------------------------------------------------------------------
      1312        160        268         28       1028     216996   Object Totals
         0          0         32          0          0          0   (incl. Generated)
         0          0          0          0          4          0   (incl. Padding)

    ----------------------------------------------------------------------

      Code (inc. data)   RO Data    RW Data    ZI Data      Debug   Library Member Name

         0          0          0          0          0          0   entry.o
         0          0          0          0          0          0   entry10a.o
         0          0          0          0          0          0   entry11a.o
         4          0          0          0          0          0   entry12b.o
         8          4          0          0          0          0   entry2.o
         4          0          0          0          0          0   entry5.o
         0          0          0          0          0          0   entry7b.o
         0          0          0          0          0          0   entry8b.o
         8          4          0          0          0          0   entry9a.o
        30          0          0          0          0          0   handlers.o
        36          8          0          0          0         68   init.o
         0          0          0          0          0          0   iusefp.o
        30          0          0          0          0         68   llshl.o
        36          0          0          0          0         68   llsshr.o
        32          0          0          0          0         68   llushr.o
       334          0          0          0          0        148   dadd.o
       186          0          0          0          0        176   depilogue.o
        62          0          0          0          0         80   dfixi.o
        34          0          0          0          0         76   dflti.o
       228          0          0          0          0         96   dmul.o

    ----------------------------------------------------------------------
      1036         16          0          0          0        848   Library Totals
         4          0          0          0          0          0   (incl. Padding)

    ----------------------------------------------------------------------

      Code (inc. data)   RO Data    RW Data    ZI Data      Debug   Library Name

       188         16          0          0          0        272   mc_w.l
       844          0          0          0          0        576   mf_w.l

    ----------------------------------------------------------------------
      1036         16          0          0          0        848   Library Totals

    ----------------------------------------------------------------------

==============================================================================


      Code (inc. data)   RO Data    RW Data    ZI Data      Debug   

      2348        176        268         28       1028     216956   Grand Totals
      2348        176        268         28       1028     216956   ELF Image Totals
      2348        176        268         28          0          0   ROM Totals

==============================================================================

    Total RO  Size (Code + RO Data)                 2616 (   2.55kB)
    Total RW  Size (RW Data + ZI Data)              1056 (   1.03kB)
    Total ROM Size (Code + RO Data + RW Data)       2644 (   2.58kB)

==============================================================================

